running egg_info
creating ../../../build/amiga_ros2_bridge/amiga_ros2_bridge.egg-info
writing ../../../build/amiga_ros2_bridge/amiga_ros2_bridge.egg-info/PKG-INFO
writing dependency_links to ../../../build/amiga_ros2_bridge/amiga_ros2_bridge.egg-info/dependency_links.txt
writing entry points to ../../../build/amiga_ros2_bridge/amiga_ros2_bridge.egg-info/entry_points.txt
writing requirements to ../../../build/amiga_ros2_bridge/amiga_ros2_bridge.egg-info/requires.txt
writing top-level names to ../../../build/amiga_ros2_bridge/amiga_ros2_bridge.egg-info/top_level.txt
writing manifest file '../../../build/amiga_ros2_bridge/amiga_ros2_bridge.egg-info/SOURCES.txt'
reading manifest file '../../../build/amiga_ros2_bridge/amiga_ros2_bridge.egg-info/SOURCES.txt'
writing manifest file '../../../build/amiga_ros2_bridge/amiga_ros2_bridge.egg-info/SOURCES.txt'
running build
running build_py
creating /home/jetson-amiga/ros2_ws/build/amiga_ros2_bridge/build
creating /home/jetson-amiga/ros2_ws/build/amiga_ros2_bridge/build/lib
creating /home/jetson-amiga/ros2_ws/build/amiga_ros2_bridge/build/lib/amiga_ros2_bridge
copying amiga_ros2_bridge/farmng_ros_pipelines.py -> /home/jetson-amiga/ros2_ws/build/amiga_ros2_bridge/build/lib/amiga_ros2_bridge
copying amiga_ros2_bridge/farmng_ros_conversions.py -> /home/jetson-amiga/ros2_ws/build/amiga_ros2_bridge/build/lib/amiga_ros2_bridge
copying amiga_ros2_bridge/__init__.py -> /home/jetson-amiga/ros2_ws/build/amiga_ros2_bridge/build/lib/amiga_ros2_bridge
copying amiga_ros2_bridge/twist_wasd.py -> /home/jetson-amiga/ros2_ws/build/amiga_ros2_bridge/build/lib/amiga_ros2_bridge
copying amiga_ros2_bridge/clock.py -> /home/jetson-amiga/ros2_ws/build/amiga_ros2_bridge/build/lib/amiga_ros2_bridge
copying amiga_ros2_bridge/twist_control.py -> /home/jetson-amiga/ros2_ws/build/amiga_ros2_bridge/build/lib/amiga_ros2_bridge
copying amiga_ros2_bridge/amiga_streams.py -> /home/jetson-amiga/ros2_ws/build/amiga_ros2_bridge/build/lib/amiga_ros2_bridge
running install
running install_lib
creating /home/jetson-amiga/ros2_ws/install/amiga_ros2_bridge/lib/python3.10/site-packages/amiga_ros2_bridge
copying /home/jetson-amiga/ros2_ws/build/amiga_ros2_bridge/build/lib/amiga_ros2_bridge/farmng_ros_pipelines.py -> /home/jetson-amiga/ros2_ws/install/amiga_ros2_bridge/lib/python3.10/site-packages/amiga_ros2_bridge
copying /home/jetson-amiga/ros2_ws/build/amiga_ros2_bridge/build/lib/amiga_ros2_bridge/farmng_ros_conversions.py -> /home/jetson-amiga/ros2_ws/install/amiga_ros2_bridge/lib/python3.10/site-packages/amiga_ros2_bridge
copying /home/jetson-amiga/ros2_ws/build/amiga_ros2_bridge/build/lib/amiga_ros2_bridge/__init__.py -> /home/jetson-amiga/ros2_ws/install/amiga_ros2_bridge/lib/python3.10/site-packages/amiga_ros2_bridge
copying /home/jetson-amiga/ros2_ws/build/amiga_ros2_bridge/build/lib/amiga_ros2_bridge/twist_wasd.py -> /home/jetson-amiga/ros2_ws/install/amiga_ros2_bridge/lib/python3.10/site-packages/amiga_ros2_bridge
copying /home/jetson-amiga/ros2_ws/build/amiga_ros2_bridge/build/lib/amiga_ros2_bridge/clock.py -> /home/jetson-amiga/ros2_ws/install/amiga_ros2_bridge/lib/python3.10/site-packages/amiga_ros2_bridge
copying /home/jetson-amiga/ros2_ws/build/amiga_ros2_bridge/build/lib/amiga_ros2_bridge/twist_control.py -> /home/jetson-amiga/ros2_ws/install/amiga_ros2_bridge/lib/python3.10/site-packages/amiga_ros2_bridge
copying /home/jetson-amiga/ros2_ws/build/amiga_ros2_bridge/build/lib/amiga_ros2_bridge/amiga_streams.py -> /home/jetson-amiga/ros2_ws/install/amiga_ros2_bridge/lib/python3.10/site-packages/amiga_ros2_bridge
byte-compiling /home/jetson-amiga/ros2_ws/install/amiga_ros2_bridge/lib/python3.10/site-packages/amiga_ros2_bridge/farmng_ros_pipelines.py to farmng_ros_pipelines.cpython-310.pyc
byte-compiling /home/jetson-amiga/ros2_ws/install/amiga_ros2_bridge/lib/python3.10/site-packages/amiga_ros2_bridge/farmng_ros_conversions.py to farmng_ros_conversions.cpython-310.pyc
byte-compiling /home/jetson-amiga/ros2_ws/install/amiga_ros2_bridge/lib/python3.10/site-packages/amiga_ros2_bridge/__init__.py to __init__.cpython-310.pyc
byte-compiling /home/jetson-amiga/ros2_ws/install/amiga_ros2_bridge/lib/python3.10/site-packages/amiga_ros2_bridge/twist_wasd.py to twist_wasd.cpython-310.pyc
byte-compiling /home/jetson-amiga/ros2_ws/install/amiga_ros2_bridge/lib/python3.10/site-packages/amiga_ros2_bridge/clock.py to clock.cpython-310.pyc
byte-compiling /home/jetson-amiga/ros2_ws/install/amiga_ros2_bridge/lib/python3.10/site-packages/amiga_ros2_bridge/twist_control.py to twist_control.cpython-310.pyc
byte-compiling /home/jetson-amiga/ros2_ws/install/amiga_ros2_bridge/lib/python3.10/site-packages/amiga_ros2_bridge/amiga_streams.py to amiga_streams.cpython-310.pyc
running install_data
creating /home/jetson-amiga/ros2_ws/install/amiga_ros2_bridge/share/ament_index
creating /home/jetson-amiga/ros2_ws/install/amiga_ros2_bridge/share/ament_index/resource_index
creating /home/jetson-amiga/ros2_ws/install/amiga_ros2_bridge/share/ament_index/resource_index/packages
copying resource/amiga_ros2_bridge -> /home/jetson-amiga/ros2_ws/install/amiga_ros2_bridge/share/ament_index/resource_index/packages
copying package.xml -> /home/jetson-amiga/ros2_ws/install/amiga_ros2_bridge/share/amiga_ros2_bridge
creating /home/jetson-amiga/ros2_ws/install/amiga_ros2_bridge/share/amiga_ros2_bridge/launch
copying launch/clock.launch.py -> /home/jetson-amiga/ros2_ws/install/amiga_ros2_bridge/share/amiga_ros2_bridge/launch
copying launch/twist_wasd.launch.py -> /home/jetson-amiga/ros2_ws/install/amiga_ros2_bridge/share/amiga_ros2_bridge/launch
copying launch/amiga_streams.launch.py -> /home/jetson-amiga/ros2_ws/install/amiga_ros2_bridge/share/amiga_ros2_bridge/launch
copying launch/twist_control.launch.py -> /home/jetson-amiga/ros2_ws/install/amiga_ros2_bridge/share/amiga_ros2_bridge/launch
creating /home/jetson-amiga/ros2_ws/install/amiga_ros2_bridge/share/amiga_ros2_bridge/include
copying include/service_config.json -> /home/jetson-amiga/ros2_ws/install/amiga_ros2_bridge/share/amiga_ros2_bridge/include
running install_egg_info
Copying ../../../build/amiga_ros2_bridge/amiga_ros2_bridge.egg-info to /home/jetson-amiga/ros2_ws/install/amiga_ros2_bridge/lib/python3.10/site-packages/amiga_ros2_bridge-0.0.0-py3.10.egg-info
running install_scripts
Installing amiga_streams script to /home/jetson-amiga/ros2_ws/install/amiga_ros2_bridge/lib/amiga_ros2_bridge
Installing clock script to /home/jetson-amiga/ros2_ws/install/amiga_ros2_bridge/lib/amiga_ros2_bridge
Installing twist_control script to /home/jetson-amiga/ros2_ws/install/amiga_ros2_bridge/lib/amiga_ros2_bridge
Installing twist_wasd script to /home/jetson-amiga/ros2_ws/install/amiga_ros2_bridge/lib/amiga_ros2_bridge
writing list of installed files to '/home/jetson-amiga/ros2_ws/build/amiga_ros2_bridge/install.log'
