[1.484s] Invoking command in '/home/jetson-amiga/ros2_ws/src/amiga-ros2-bridge/amiga_ros2_bridge': PYTHONPATH=/home/jetson-amiga/ros2_ws/build/amiga_ros2_bridge/prefix_override:/usr/lib/python3/dist-packages/colcon_core/task/python/colcon_distutils_commands:/home/jetson-amiga/ros2_ws/install/amiga_ros2_bridge/lib/python3.10/site-packages:${PYTHONPATH} /usr/bin/python3 -W ignore:setup.py install is deprecated -W ignore:easy_install command is deprecated setup.py egg_info --egg-base ../../../build/amiga_ros2_bridge build --build-base /home/jetson-amiga/ros2_ws/build/amiga_ros2_bridge/build install --record /home/jetson-amiga/ros2_ws/build/amiga_ros2_bridge/install.log --single-version-externally-managed install_data
[2.046s] running egg_info
[2.047s] creating ../../../build/amiga_ros2_bridge/amiga_ros2_bridge.egg-info
[2.048s] writing ../../../build/amiga_ros2_bridge/amiga_ros2_bridge.egg-info/PKG-INFO
[2.048s] writing dependency_links to ../../../build/amiga_ros2_bridge/amiga_ros2_bridge.egg-info/dependency_links.txt
[2.049s] writing entry points to ../../../build/amiga_ros2_bridge/amiga_ros2_bridge.egg-info/entry_points.txt
[2.049s] writing requirements to ../../../build/amiga_ros2_bridge/amiga_ros2_bridge.egg-info/requires.txt
[2.049s] writing top-level names to ../../../build/amiga_ros2_bridge/amiga_ros2_bridge.egg-info/top_level.txt
[2.049s] writing manifest file '../../../build/amiga_ros2_bridge/amiga_ros2_bridge.egg-info/SOURCES.txt'
[2.053s] reading manifest file '../../../build/amiga_ros2_bridge/amiga_ros2_bridge.egg-info/SOURCES.txt'
[2.055s] writing manifest file '../../../build/amiga_ros2_bridge/amiga_ros2_bridge.egg-info/SOURCES.txt'
[2.055s] running build
[2.055s] running build_py
[2.056s] creating /home/jetson-amiga/ros2_ws/build/amiga_ros2_bridge/build
[2.056s] creating /home/jetson-amiga/ros2_ws/build/amiga_ros2_bridge/build/lib
[2.056s] creating /home/jetson-amiga/ros2_ws/build/amiga_ros2_bridge/build/lib/amiga_ros2_bridge
[2.056s] copying amiga_ros2_bridge/farmng_ros_pipelines.py -> /home/jetson-amiga/ros2_ws/build/amiga_ros2_bridge/build/lib/amiga_ros2_bridge
[2.056s] copying amiga_ros2_bridge/farmng_ros_conversions.py -> /home/jetson-amiga/ros2_ws/build/amiga_ros2_bridge/build/lib/amiga_ros2_bridge
[2.057s] copying amiga_ros2_bridge/__init__.py -> /home/jetson-amiga/ros2_ws/build/amiga_ros2_bridge/build/lib/amiga_ros2_bridge
[2.057s] copying amiga_ros2_bridge/twist_wasd.py -> /home/jetson-amiga/ros2_ws/build/amiga_ros2_bridge/build/lib/amiga_ros2_bridge
[2.057s] copying amiga_ros2_bridge/clock.py -> /home/jetson-amiga/ros2_ws/build/amiga_ros2_bridge/build/lib/amiga_ros2_bridge
[2.057s] copying amiga_ros2_bridge/twist_control.py -> /home/jetson-amiga/ros2_ws/build/amiga_ros2_bridge/build/lib/amiga_ros2_bridge
[2.058s] copying amiga_ros2_bridge/amiga_streams.py -> /home/jetson-amiga/ros2_ws/build/amiga_ros2_bridge/build/lib/amiga_ros2_bridge
[2.058s] running install
[2.059s] running install_lib
[2.061s] creating /home/jetson-amiga/ros2_ws/install/amiga_ros2_bridge/lib/python3.10/site-packages/amiga_ros2_bridge
[2.061s] copying /home/jetson-amiga/ros2_ws/build/amiga_ros2_bridge/build/lib/amiga_ros2_bridge/farmng_ros_pipelines.py -> /home/jetson-amiga/ros2_ws/install/amiga_ros2_bridge/lib/python3.10/site-packages/amiga_ros2_bridge
[2.062s] copying /home/jetson-amiga/ros2_ws/build/amiga_ros2_bridge/build/lib/amiga_ros2_bridge/farmng_ros_conversions.py -> /home/jetson-amiga/ros2_ws/install/amiga_ros2_bridge/lib/python3.10/site-packages/amiga_ros2_bridge
[2.062s] copying /home/jetson-amiga/ros2_ws/build/amiga_ros2_bridge/build/lib/amiga_ros2_bridge/__init__.py -> /home/jetson-amiga/ros2_ws/install/amiga_ros2_bridge/lib/python3.10/site-packages/amiga_ros2_bridge
[2.062s] copying /home/jetson-amiga/ros2_ws/build/amiga_ros2_bridge/build/lib/amiga_ros2_bridge/twist_wasd.py -> /home/jetson-amiga/ros2_ws/install/amiga_ros2_bridge/lib/python3.10/site-packages/amiga_ros2_bridge
[2.062s] copying /home/jetson-amiga/ros2_ws/build/amiga_ros2_bridge/build/lib/amiga_ros2_bridge/clock.py -> /home/jetson-amiga/ros2_ws/install/amiga_ros2_bridge/lib/python3.10/site-packages/amiga_ros2_bridge
[2.063s] copying /home/jetson-amiga/ros2_ws/build/amiga_ros2_bridge/build/lib/amiga_ros2_bridge/twist_control.py -> /home/jetson-amiga/ros2_ws/install/amiga_ros2_bridge/lib/python3.10/site-packages/amiga_ros2_bridge
[2.063s] copying /home/jetson-amiga/ros2_ws/build/amiga_ros2_bridge/build/lib/amiga_ros2_bridge/amiga_streams.py -> /home/jetson-amiga/ros2_ws/install/amiga_ros2_bridge/lib/python3.10/site-packages/amiga_ros2_bridge
[2.064s] byte-compiling /home/jetson-amiga/ros2_ws/install/amiga_ros2_bridge/lib/python3.10/site-packages/amiga_ros2_bridge/farmng_ros_pipelines.py to farmng_ros_pipelines.cpython-310.pyc
[2.065s] byte-compiling /home/jetson-amiga/ros2_ws/install/amiga_ros2_bridge/lib/python3.10/site-packages/amiga_ros2_bridge/farmng_ros_conversions.py to farmng_ros_conversions.cpython-310.pyc
[2.069s] byte-compiling /home/jetson-amiga/ros2_ws/install/amiga_ros2_bridge/lib/python3.10/site-packages/amiga_ros2_bridge/__init__.py to __init__.cpython-310.pyc
[2.069s] byte-compiling /home/jetson-amiga/ros2_ws/install/amiga_ros2_bridge/lib/python3.10/site-packages/amiga_ros2_bridge/twist_wasd.py to twist_wasd.cpython-310.pyc
[2.070s] byte-compiling /home/jetson-amiga/ros2_ws/install/amiga_ros2_bridge/lib/python3.10/site-packages/amiga_ros2_bridge/clock.py to clock.cpython-310.pyc
[2.071s] byte-compiling /home/jetson-amiga/ros2_ws/install/amiga_ros2_bridge/lib/python3.10/site-packages/amiga_ros2_bridge/twist_control.py to twist_control.cpython-310.pyc
[2.073s] byte-compiling /home/jetson-amiga/ros2_ws/install/amiga_ros2_bridge/lib/python3.10/site-packages/amiga_ros2_bridge/amiga_streams.py to amiga_streams.cpython-310.pyc
[2.074s] running install_data
[2.075s] creating /home/jetson-amiga/ros2_ws/install/amiga_ros2_bridge/share/ament_index
[2.075s] creating /home/jetson-amiga/ros2_ws/install/amiga_ros2_bridge/share/ament_index/resource_index
[2.075s] creating /home/jetson-amiga/ros2_ws/install/amiga_ros2_bridge/share/ament_index/resource_index/packages
[2.075s] copying resource/amiga_ros2_bridge -> /home/jetson-amiga/ros2_ws/install/amiga_ros2_bridge/share/ament_index/resource_index/packages
[2.075s] copying package.xml -> /home/jetson-amiga/ros2_ws/install/amiga_ros2_bridge/share/amiga_ros2_bridge
[2.076s] creating /home/jetson-amiga/ros2_ws/install/amiga_ros2_bridge/share/amiga_ros2_bridge/launch
[2.076s] copying launch/clock.launch.py -> /home/jetson-amiga/ros2_ws/install/amiga_ros2_bridge/share/amiga_ros2_bridge/launch
[2.076s] copying launch/twist_wasd.launch.py -> /home/jetson-amiga/ros2_ws/install/amiga_ros2_bridge/share/amiga_ros2_bridge/launch
[2.076s] copying launch/amiga_streams.launch.py -> /home/jetson-amiga/ros2_ws/install/amiga_ros2_bridge/share/amiga_ros2_bridge/launch
[2.076s] copying launch/twist_control.launch.py -> /home/jetson-amiga/ros2_ws/install/amiga_ros2_bridge/share/amiga_ros2_bridge/launch
[2.077s] creating /home/jetson-amiga/ros2_ws/install/amiga_ros2_bridge/share/amiga_ros2_bridge/include
[2.077s] copying include/service_config.json -> /home/jetson-amiga/ros2_ws/install/amiga_ros2_bridge/share/amiga_ros2_bridge/include
[2.077s] running install_egg_info
[2.084s] Copying ../../../build/amiga_ros2_bridge/amiga_ros2_bridge.egg-info to /home/jetson-amiga/ros2_ws/install/amiga_ros2_bridge/lib/python3.10/site-packages/amiga_ros2_bridge-0.0.0-py3.10.egg-info
[2.086s] running install_scripts
[2.132s] Installing amiga_streams script to /home/jetson-amiga/ros2_ws/install/amiga_ros2_bridge/lib/amiga_ros2_bridge
[2.132s] Installing clock script to /home/jetson-amiga/ros2_ws/install/amiga_ros2_bridge/lib/amiga_ros2_bridge
[2.133s] Installing twist_control script to /home/jetson-amiga/ros2_ws/install/amiga_ros2_bridge/lib/amiga_ros2_bridge
[2.134s] Installing twist_wasd script to /home/jetson-amiga/ros2_ws/install/amiga_ros2_bridge/lib/amiga_ros2_bridge
[2.135s] writing list of installed files to '/home/jetson-amiga/ros2_ws/build/amiga_ros2_bridge/install.log'
[2.211s] Invoked command in '/home/jetson-amiga/ros2_ws/src/amiga-ros2-bridge/amiga_ros2_bridge' returned '0': PYTHONPATH=/home/jetson-amiga/ros2_ws/build/amiga_ros2_bridge/prefix_override:/usr/lib/python3/dist-packages/colcon_core/task/python/colcon_distutils_commands:/home/jetson-amiga/ros2_ws/install/amiga_ros2_bridge/lib/python3.10/site-packages:${PYTHONPATH} /usr/bin/python3 -W ignore:setup.py install is deprecated -W ignore:easy_install command is deprecated setup.py egg_info --egg-base ../../../build/amiga_ros2_bridge build --build-base /home/jetson-amiga/ros2_ws/build/amiga_ros2_bridge/build install --record /home/jetson-amiga/ros2_ws/build/amiga_ros2_bridge/install.log --single-version-externally-managed install_data
