[0.613s] Invoking command in '/home/jetson-amiga/ros2_ws/build/weeding_mechanism': CMAKE_PREFIX_PATH=/opt/ros/humble /usr/bin/cmake /home/jetson-amiga/ros2_ws/src/weeding_mechanism -DCMAKE_INSTALL_PREFIX=/home/jetson-amiga/ros2_ws/install/weeding_mechanism
[0.720s] -- The C compiler identification is GNU 11.4.0
[0.842s] -- The CXX compiler identification is GNU 11.4.0
[0.857s] -- Detecting C compiler ABI info
[0.996s] -- Detecting C compiler ABI info - done
[1.020s] -- Check for working C compiler: /usr/bin/cc - skipped
[1.021s] -- Detecting C compile features
[1.022s] -- Detecting C compile features - done
[1.031s] -- Detecting CXX compiler ABI info
[1.198s] -- Detecting CXX compiler ABI info - done
[1.215s] -- Check for working CXX compiler: /usr/bin/c++ - skipped
[1.216s] -- Detecting CXX compile features
[1.217s] -- Detecting CXX compile features - done
[1.221s] -- Found ament_cmake: 1.3.11 (/opt/ros/humble/share/ament_cmake/cmake)
[1.584s] -- Found Python3: /usr/bin/python3 (found version "3.10.12") found components: Interpreter 
[1.796s] -- Found rclcpp: 16.0.12 (/opt/ros/humble/share/rclcpp/cmake)
[1.875s] -- Found rosidl_generator_c: 3.1.6 (/opt/ros/humble/share/rosidl_generator_c/cmake)
[1.884s] -- Found rosidl_adapter: 3.1.6 (/opt/ros/humble/share/rosidl_adapter/cmake)
[1.900s] -- Found rosidl_generator_cpp: 3.1.6 (/opt/ros/humble/share/rosidl_generator_cpp/cmake)
[1.923s] -- Using all available rosidl_typesupport_c: rosidl_typesupport_fastrtps_c;rosidl_typesupport_introspection_c
[1.956s] -- Using all available rosidl_typesupport_cpp: rosidl_typesupport_fastrtps_cpp;rosidl_typesupport_introspection_cpp
[2.041s] -- Found rmw_implementation_cmake: 6.1.2 (/opt/ros/humble/share/rmw_implementation_cmake/cmake)
[2.046s] -- Found rmw_fastrtps_cpp: 6.2.7 (/opt/ros/humble/share/rmw_fastrtps_cpp/cmake)
[2.211s] -- Found OpenSSL: /usr/lib/aarch64-linux-gnu/libcrypto.so (found version "3.0.2")  
[2.266s] -- Found FastRTPS: /opt/ros/humble/include  
[2.355s] -- Using RMW implementation 'rmw_fastrtps_cpp' as default
[2.370s] -- Looking for pthread.h
[2.522s] -- Looking for pthread.h - found
[2.523s] -- Performing Test CMAKE_HAVE_LIBC_PTHREAD
[2.682s] -- Performing Test CMAKE_HAVE_LIBC_PTHREAD - Success
[2.686s] -- Found Threads: TRUE  
[2.814s] -- Found ament_lint_auto: 0.12.12 (/opt/ros/humble/share/ament_lint_auto/cmake)
[2.990s] -- Added test 'flake8' to check Python code syntax and style conventions
[2.991s] -- Added test 'lint_cmake' to check CMake code style
[2.992s] -- Added test 'pep257' to check Python code against some of the docstring style conventions in PEP 257
[2.994s] -- Added test 'xmllint' to check XML markup files
[2.997s] -- Configuring done
[3.008s] -- Generating done
[3.017s] -- Build files have been written to: /home/jetson-amiga/ros2_ws/build/weeding_mechanism
[3.039s] Invoked command in '/home/jetson-amiga/ros2_ws/build/weeding_mechanism' returned '0': CMAKE_PREFIX_PATH=/opt/ros/humble /usr/bin/cmake /home/jetson-amiga/ros2_ws/src/weeding_mechanism -DCMAKE_INSTALL_PREFIX=/home/jetson-amiga/ros2_ws/install/weeding_mechanism
[3.043s] Invoking command in '/home/jetson-amiga/ros2_ws/build/weeding_mechanism': CMAKE_PREFIX_PATH=/opt/ros/humble /usr/bin/cmake --build /home/jetson-amiga/ros2_ws/build/weeding_mechanism -- -j6 -l6
[3.137s] Invoked command in '/home/jetson-amiga/ros2_ws/build/weeding_mechanism' returned '0': CMAKE_PREFIX_PATH=/opt/ros/humble /usr/bin/cmake --build /home/jetson-amiga/ros2_ws/build/weeding_mechanism -- -j6 -l6
[3.140s] Invoking command in '/home/jetson-amiga/ros2_ws/build/weeding_mechanism': CMAKE_PREFIX_PATH=/opt/ros/humble /usr/bin/cmake --install /home/jetson-amiga/ros2_ws/build/weeding_mechanism
[3.158s] -- Install configuration: ""
[3.158s] -- Installing: /home/jetson-amiga/ros2_ws/install/weeding_mechanism/share/ament_index/resource_index/package_run_dependencies/weeding_mechanism
[3.159s] -- Installing: /home/jetson-amiga/ros2_ws/install/weeding_mechanism/share/ament_index/resource_index/parent_prefix_path/weeding_mechanism
[3.160s] -- Installing: /home/jetson-amiga/ros2_ws/install/weeding_mechanism/share/weeding_mechanism/environment/ament_prefix_path.sh
[3.160s] -- Installing: /home/jetson-amiga/ros2_ws/install/weeding_mechanism/share/weeding_mechanism/environment/ament_prefix_path.dsv
[3.161s] -- Installing: /home/jetson-amiga/ros2_ws/install/weeding_mechanism/share/weeding_mechanism/environment/path.sh
[3.162s] -- Installing: /home/jetson-amiga/ros2_ws/install/weeding_mechanism/share/weeding_mechanism/environment/path.dsv
[3.162s] -- Installing: /home/jetson-amiga/ros2_ws/install/weeding_mechanism/share/weeding_mechanism/local_setup.bash
[3.162s] -- Installing: /home/jetson-amiga/ros2_ws/install/weeding_mechanism/share/weeding_mechanism/local_setup.sh
[3.163s] -- Installing: /home/jetson-amiga/ros2_ws/install/weeding_mechanism/share/weeding_mechanism/local_setup.zsh
[3.163s] -- Installing: /home/jetson-amiga/ros2_ws/install/weeding_mechanism/share/weeding_mechanism/local_setup.dsv
[3.163s] -- Installing: /home/jetson-amiga/ros2_ws/install/weeding_mechanism/share/weeding_mechanism/package.dsv
[3.164s] -- Installing: /home/jetson-amiga/ros2_ws/install/weeding_mechanism/share/ament_index/resource_index/packages/weeding_mechanism
[3.164s] -- Installing: /home/jetson-amiga/ros2_ws/install/weeding_mechanism/share/weeding_mechanism/cmake/weeding_mechanismConfig.cmake
[3.165s] -- Installing: /home/jetson-amiga/ros2_ws/install/weeding_mechanism/share/weeding_mechanism/cmake/weeding_mechanismConfig-version.cmake
[3.165s] -- Installing: /home/jetson-amiga/ros2_ws/install/weeding_mechanism/share/weeding_mechanism/package.xml
[3.213s] Invoked command in '/home/jetson-amiga/ros2_ws/build/weeding_mechanism' returned '0': CMAKE_PREFIX_PATH=/opt/ros/humble /usr/bin/cmake --install /home/jetson-amiga/ros2_ws/build/weeding_mechanism
