/home/jetson-amiga/ros2_ws/install/amiga_ros2_bridge/lib/python3.10/site-packages/amiga_ros2_bridge/farmng_ros_pipelines.py
/home/jetson-amiga/ros2_ws/install/amiga_ros2_bridge/lib/python3.10/site-packages/amiga_ros2_bridge/farmng_ros_conversions.py
/home/jetson-amiga/ros2_ws/install/amiga_ros2_bridge/lib/python3.10/site-packages/amiga_ros2_bridge/__init__.py
/home/jetson-amiga/ros2_ws/install/amiga_ros2_bridge/lib/python3.10/site-packages/amiga_ros2_bridge/twist_wasd.py
/home/jetson-amiga/ros2_ws/install/amiga_ros2_bridge/lib/python3.10/site-packages/amiga_ros2_bridge/clock.py
/home/jetson-amiga/ros2_ws/install/amiga_ros2_bridge/lib/python3.10/site-packages/amiga_ros2_bridge/twist_control.py
/home/jetson-amiga/ros2_ws/install/amiga_ros2_bridge/lib/python3.10/site-packages/amiga_ros2_bridge/amiga_streams.py
/home/jetson-amiga/ros2_ws/install/amiga_ros2_bridge/lib/python3.10/site-packages/amiga_ros2_bridge/__pycache__/farmng_ros_pipelines.cpython-310.pyc
/home/jetson-amiga/ros2_ws/install/amiga_ros2_bridge/lib/python3.10/site-packages/amiga_ros2_bridge/__pycache__/farmng_ros_conversions.cpython-310.pyc
/home/jetson-amiga/ros2_ws/install/amiga_ros2_bridge/lib/python3.10/site-packages/amiga_ros2_bridge/__pycache__/__init__.cpython-310.pyc
/home/jetson-amiga/ros2_ws/install/amiga_ros2_bridge/lib/python3.10/site-packages/amiga_ros2_bridge/__pycache__/twist_wasd.cpython-310.pyc
/home/jetson-amiga/ros2_ws/install/amiga_ros2_bridge/lib/python3.10/site-packages/amiga_ros2_bridge/__pycache__/clock.cpython-310.pyc
/home/jetson-amiga/ros2_ws/install/amiga_ros2_bridge/lib/python3.10/site-packages/amiga_ros2_bridge/__pycache__/twist_control.cpython-310.pyc
/home/jetson-amiga/ros2_ws/install/amiga_ros2_bridge/lib/python3.10/site-packages/amiga_ros2_bridge/__pycache__/amiga_streams.cpython-310.pyc
/home/jetson-amiga/ros2_ws/install/amiga_ros2_bridge/share/ament_index/resource_index/packages/amiga_ros2_bridge
/home/jetson-amiga/ros2_ws/install/amiga_ros2_bridge/share/amiga_ros2_bridge/package.xml
/home/jetson-amiga/ros2_ws/install/amiga_ros2_bridge/share/amiga_ros2_bridge/launch/clock.launch.py
/home/jetson-amiga/ros2_ws/install/amiga_ros2_bridge/share/amiga_ros2_bridge/launch/twist_wasd.launch.py
/home/jetson-amiga/ros2_ws/install/amiga_ros2_bridge/share/amiga_ros2_bridge/launch/amiga_streams.launch.py
/home/jetson-amiga/ros2_ws/install/amiga_ros2_bridge/share/amiga_ros2_bridge/launch/twist_control.launch.py
/home/jetson-amiga/ros2_ws/install/amiga_ros2_bridge/share/amiga_ros2_bridge/include/service_config.json
/home/jetson-amiga/ros2_ws/install/amiga_ros2_bridge/lib/python3.10/site-packages/amiga_ros2_bridge-0.0.0-py3.10.egg-info/dependency_links.txt
/home/jetson-amiga/ros2_ws/install/amiga_ros2_bridge/lib/python3.10/site-packages/amiga_ros2_bridge-0.0.0-py3.10.egg-info/top_level.txt
/home/jetson-amiga/ros2_ws/install/amiga_ros2_bridge/lib/python3.10/site-packages/amiga_ros2_bridge-0.0.0-py3.10.egg-info/SOURCES.txt
/home/jetson-amiga/ros2_ws/install/amiga_ros2_bridge/lib/python3.10/site-packages/amiga_ros2_bridge-0.0.0-py3.10.egg-info/PKG-INFO
/home/jetson-amiga/ros2_ws/install/amiga_ros2_bridge/lib/python3.10/site-packages/amiga_ros2_bridge-0.0.0-py3.10.egg-info/requires.txt
/home/jetson-amiga/ros2_ws/install/amiga_ros2_bridge/lib/python3.10/site-packages/amiga_ros2_bridge-0.0.0-py3.10.egg-info/entry_points.txt
/home/jetson-amiga/ros2_ws/install/amiga_ros2_bridge/lib/python3.10/site-packages/amiga_ros2_bridge-0.0.0-py3.10.egg-info/zip-safe
/home/jetson-amiga/ros2_ws/install/amiga_ros2_bridge/lib/amiga_ros2_bridge/amiga_streams
/home/jetson-amiga/ros2_ws/install/amiga_ros2_bridge/lib/amiga_ros2_bridge/clock
/home/jetson-amiga/ros2_ws/install/amiga_ros2_bridge/lib/amiga_ros2_bridge/twist_control
/home/jetson-amiga/ros2_ws/install/amiga_ros2_bridge/lib/amiga_ros2_bridge/twist_wasd
