running egg_info
writing ../../../build/amiga_ros2_bridge/amiga_ros2_bridge.egg-info/PKG-INFO
writing dependency_links to ../../../build/amiga_ros2_bridge/amiga_ros2_bridge.egg-info/dependency_links.txt
writing entry points to ../../../build/amiga_ros2_bridge/amiga_ros2_bridge.egg-info/entry_points.txt
writing requirements to ../../../build/amiga_ros2_bridge/amiga_ros2_bridge.egg-info/requires.txt
writing top-level names to ../../../build/amiga_ros2_bridge/amiga_ros2_bridge.egg-info/top_level.txt
reading manifest file '../../../build/amiga_ros2_bridge/amiga_ros2_bridge.egg-info/SOURCES.txt'
writing manifest file '../../../build/amiga_ros2_bridge/amiga_ros2_bridge.egg-info/SOURCES.txt'
running build
running build_py
running install
running install_lib
running install_data
copying include/service_config.json -> /home/jetson-amiga/ros2_ws/install/amiga_ros2_bridge/share/amiga_ros2_bridge/include
running install_egg_info
removing '/home/jetson-amiga/ros2_ws/install/amiga_ros2_bridge/lib/python3.10/site-packages/amiga_ros2_bridge-0.0.0-py3.10.egg-info' (and everything under it)
Copying ../../../build/amiga_ros2_bridge/amiga_ros2_bridge.egg-info to /home/jetson-amiga/ros2_ws/install/amiga_ros2_bridge/lib/python3.10/site-packages/amiga_ros2_bridge-0.0.0-py3.10.egg-info
running install_scripts
Installing amiga_streams script to /home/jetson-amiga/ros2_ws/install/amiga_ros2_bridge/lib/amiga_ros2_bridge
Installing clock script to /home/jetson-amiga/ros2_ws/install/amiga_ros2_bridge/lib/amiga_ros2_bridge
Installing twist_control script to /home/jetson-amiga/ros2_ws/install/amiga_ros2_bridge/lib/amiga_ros2_bridge
Installing twist_wasd script to /home/jetson-amiga/ros2_ws/install/amiga_ros2_bridge/lib/amiga_ros2_bridge
writing list of installed files to '/home/jetson-amiga/ros2_ws/build/amiga_ros2_bridge/install.log'
