[2.105s] Invoking command in '/home/jetson-amiga/ros2_ws/src/amiga-ros2-bridge/amiga_ros2_bridge': PYTHONPATH=/home/jetson-amiga/ros2_ws/build/amiga_ros2_bridge/prefix_override:/usr/lib/python3/dist-packages/colcon_core/task/python/colcon_distutils_commands:/home/jetson-amiga/ros2_ws/install/amiga_ros2_bridge/lib/python3.10/site-packages:${PYTHONPATH} /usr/bin/python3 -W ignore:setup.py install is deprecated -W ignore:easy_install command is deprecated setup.py egg_info --egg-base ../../../build/amiga_ros2_bridge build --build-base /home/jetson-amiga/ros2_ws/build/amiga_ros2_bridge/build install --record /home/jetson-amiga/ros2_ws/build/amiga_ros2_bridge/install.log --single-version-externally-managed install_data
[2.652s] running egg_info
[2.654s] writing ../../../build/amiga_ros2_bridge/amiga_ros2_bridge.egg-info/PKG-INFO
[2.655s] writing dependency_links to ../../../build/amiga_ros2_bridge/amiga_ros2_bridge.egg-info/dependency_links.txt
[2.655s] writing entry points to ../../../build/amiga_ros2_bridge/amiga_ros2_bridge.egg-info/entry_points.txt
[2.655s] writing requirements to ../../../build/amiga_ros2_bridge/amiga_ros2_bridge.egg-info/requires.txt
[2.656s] writing top-level names to ../../../build/amiga_ros2_bridge/amiga_ros2_bridge.egg-info/top_level.txt
[2.660s] reading manifest file '../../../build/amiga_ros2_bridge/amiga_ros2_bridge.egg-info/SOURCES.txt'
[2.662s] writing manifest file '../../../build/amiga_ros2_bridge/amiga_ros2_bridge.egg-info/SOURCES.txt'
[2.663s] running build
[2.663s] running build_py
[2.667s] running install
[2.668s] running install_lib
[2.671s] running install_data
[2.672s] copying include/service_config.json -> /home/jetson-amiga/ros2_ws/install/amiga_ros2_bridge/share/amiga_ros2_bridge/include
[2.672s] running install_egg_info
[2.676s] removing '/home/jetson-amiga/ros2_ws/install/amiga_ros2_bridge/lib/python3.10/site-packages/amiga_ros2_bridge-0.0.0-py3.10.egg-info' (and everything under it)
[2.677s] Copying ../../../build/amiga_ros2_bridge/amiga_ros2_bridge.egg-info to /home/jetson-amiga/ros2_ws/install/amiga_ros2_bridge/lib/python3.10/site-packages/amiga_ros2_bridge-0.0.0-py3.10.egg-info
[2.680s] running install_scripts
[2.725s] Installing amiga_streams script to /home/jetson-amiga/ros2_ws/install/amiga_ros2_bridge/lib/amiga_ros2_bridge
[2.726s] Installing clock script to /home/jetson-amiga/ros2_ws/install/amiga_ros2_bridge/lib/amiga_ros2_bridge
[2.726s] Installing twist_control script to /home/jetson-amiga/ros2_ws/install/amiga_ros2_bridge/lib/amiga_ros2_bridge
[2.726s] Installing twist_wasd script to /home/jetson-amiga/ros2_ws/install/amiga_ros2_bridge/lib/amiga_ros2_bridge
[2.727s] writing list of installed files to '/home/jetson-amiga/ros2_ws/build/amiga_ros2_bridge/install.log'
[2.803s] Invoked command in '/home/jetson-amiga/ros2_ws/src/amiga-ros2-bridge/amiga_ros2_bridge' returned '0': PYTHONPATH=/home/jetson-amiga/ros2_ws/build/amiga_ros2_bridge/prefix_override:/usr/lib/python3/dist-packages/colcon_core/task/python/colcon_distutils_commands:/home/jetson-amiga/ros2_ws/install/amiga_ros2_bridge/lib/python3.10/site-packages:${PYTHONPATH} /usr/bin/python3 -W ignore:setup.py install is deprecated -W ignore:easy_install command is deprecated setup.py egg_info --egg-base ../../../build/amiga_ros2_bridge build --build-base /home/jetson-amiga/ros2_ws/build/amiga_ros2_bridge/build install --record /home/jetson-amiga/ros2_ws/build/amiga_ros2_bridge/install.log --single-version-externally-managed install_data
