[1.244s] Invoking command in '/home/jetson-amiga/ros2_ws/build/navigation': CMAKE_PREFIX_PATH=${CMAKE_PREFIX_PATH}:/home/jetson-amiga/ros2_ws/install/amiga_ros2_bridge:/opt/ros/humble /usr/bin/cmake --build /home/jetson-amiga/ros2_ws/build/navigation -- -j6 -l6
[1.401s] Invoked command in '/home/jetson-amiga/ros2_ws/build/navigation' returned '0': CMAKE_PREFIX_PATH=${CMAKE_PREFIX_PATH}:/home/jetson-amiga/ros2_ws/install/amiga_ros2_bridge:/opt/ros/humble /usr/bin/cmake --build /home/jetson-amiga/ros2_ws/build/navigation -- -j6 -l6
[1.405s] Invoking command in '/home/jetson-amiga/ros2_ws/build/navigation': CMAKE_PREFIX_PATH=${CMAKE_PREFIX_PATH}:/home/jetson-amiga/ros2_ws/install/amiga_ros2_bridge:/opt/ros/humble /usr/bin/cmake --install /home/jetson-amiga/ros2_ws/build/navigation
[1.424s] -- Install configuration: ""
[1.425s] -- Up-to-date: /home/jetson-amiga/ros2_ws/install/navigation/share/ament_index/resource_index/package_run_dependencies/navigation
[1.425s] -- Up-to-date: /home/jetson-amiga/ros2_ws/install/navigation/share/ament_index/resource_index/parent_prefix_path/navigation
[1.426s] -- Up-to-date: /home/jetson-amiga/ros2_ws/install/navigation/share/navigation/environment/ament_prefix_path.sh
[1.426s] -- Up-to-date: /home/jetson-amiga/ros2_ws/install/navigation/share/navigation/environment/ament_prefix_path.dsv
[1.426s] -- Up-to-date: /home/jetson-amiga/ros2_ws/install/navigation/share/navigation/environment/path.sh
[1.426s] -- Up-to-date: /home/jetson-amiga/ros2_ws/install/navigation/share/navigation/environment/path.dsv
[1.426s] -- Up-to-date: /home/jetson-amiga/ros2_ws/install/navigation/share/navigation/local_setup.bash
[1.426s] -- Up-to-date: /home/jetson-amiga/ros2_ws/install/navigation/share/navigation/local_setup.sh
[1.427s] -- Up-to-date: /home/jetson-amiga/ros2_ws/install/navigation/share/navigation/local_setup.zsh
[1.427s] -- Up-to-date: /home/jetson-amiga/ros2_ws/install/navigation/share/navigation/local_setup.dsv
[1.427s] -- Up-to-date: /home/jetson-amiga/ros2_ws/install/navigation/share/navigation/package.dsv
[1.428s] -- Up-to-date: /home/jetson-amiga/ros2_ws/install/navigation/share/ament_index/resource_index/packages/navigation
[1.428s] -- Up-to-date: /home/jetson-amiga/ros2_ws/install/navigation/share/navigation/cmake/navigationConfig.cmake
[1.429s] -- Up-to-date: /home/jetson-amiga/ros2_ws/install/navigation/share/navigation/cmake/navigationConfig-version.cmake
[1.430s] -- Up-to-date: /home/jetson-amiga/ros2_ws/install/navigation/share/navigation/package.xml
[1.479s] Invoked command in '/home/jetson-amiga/ros2_ws/build/navigation' returned '0': CMAKE_PREFIX_PATH=${CMAKE_PREFIX_PATH}:/home/jetson-amiga/ros2_ws/install/amiga_ros2_bridge:/opt/ros/humble /usr/bin/cmake --install /home/jetson-amiga/ros2_ws/build/navigation
