[1.265s] Invoking command in '/home/jetson-amiga/ros2_ws/build/safety': CMAKE_PREFIX_PATH=${CMAKE_PREFIX_PATH}:/home/jetson-amiga/ros2_ws/install/amiga_ros2_bridge:/opt/ros/humble /usr/bin/cmake --build /home/jetson-amiga/ros2_ws/build/safety -- -j6 -l6
[1.375s] Invoked command in '/home/jetson-amiga/ros2_ws/build/safety' returned '0': CMAKE_PREFIX_PATH=${CMAKE_PREFIX_PATH}:/home/jetson-amiga/ros2_ws/install/amiga_ros2_bridge:/opt/ros/humble /usr/bin/cmake --build /home/jetson-amiga/ros2_ws/build/safety -- -j6 -l6
[1.378s] Invoking command in '/home/jetson-amiga/ros2_ws/build/safety': CMAKE_PREFIX_PATH=${CMAKE_PREFIX_PATH}:/home/jetson-amiga/ros2_ws/install/amiga_ros2_bridge:/opt/ros/humble /usr/bin/cmake --install /home/jetson-amiga/ros2_ws/build/safety
[1.398s] -- Install configuration: ""
[1.399s] -- Up-to-date: /home/jetson-amiga/ros2_ws/install/safety/share/ament_index/resource_index/package_run_dependencies/safety
[1.399s] -- Up-to-date: /home/jetson-amiga/ros2_ws/install/safety/share/ament_index/resource_index/parent_prefix_path/safety
[1.399s] -- Up-to-date: /home/jetson-amiga/ros2_ws/install/safety/share/safety/environment/ament_prefix_path.sh
[1.399s] -- Up-to-date: /home/jetson-amiga/ros2_ws/install/safety/share/safety/environment/ament_prefix_path.dsv
[1.399s] -- Up-to-date: /home/jetson-amiga/ros2_ws/install/safety/share/safety/environment/path.sh
[1.400s] -- Up-to-date: /home/jetson-amiga/ros2_ws/install/safety/share/safety/environment/path.dsv
[1.400s] -- Up-to-date: /home/jetson-amiga/ros2_ws/install/safety/share/safety/local_setup.bash
[1.400s] -- Up-to-date: /home/jetson-amiga/ros2_ws/install/safety/share/safety/local_setup.sh
[1.400s] -- Up-to-date: /home/jetson-amiga/ros2_ws/install/safety/share/safety/local_setup.zsh
[1.400s] -- Up-to-date: /home/jetson-amiga/ros2_ws/install/safety/share/safety/local_setup.dsv
[1.400s] -- Installing: /home/jetson-amiga/ros2_ws/install/safety/share/safety/package.dsv
[1.400s] -- Up-to-date: /home/jetson-amiga/ros2_ws/install/safety/share/ament_index/resource_index/packages/safety
[1.402s] -- Up-to-date: /home/jetson-amiga/ros2_ws/install/safety/share/safety/cmake/safetyConfig.cmake
[1.403s] -- Up-to-date: /home/jetson-amiga/ros2_ws/install/safety/share/safety/cmake/safetyConfig-version.cmake
[1.403s] -- Up-to-date: /home/jetson-amiga/ros2_ws/install/safety/share/safety/package.xml
[1.446s] Invoked command in '/home/jetson-amiga/ros2_ws/build/safety' returned '0': CMAKE_PREFIX_PATH=${CMAKE_PREFIX_PATH}:/home/jetson-amiga/ros2_ws/install/amiga_ros2_bridge:/opt/ros/humble /usr/bin/cmake --install /home/jetson-amiga/ros2_ws/build/safety
