[1.267s] Invoking command in '/home/jetson-amiga/ros2_ws/build/navigation': CMAKE_PREFIX_PATH=${CMAKE_PREFIX_PATH}:/home/jetson-amiga/ros2_ws/install/amiga_ros2_bridge:/opt/ros/humble /usr/bin/cmake --build /home/jetson-amiga/ros2_ws/build/navigation -- -j6 -l6
[1.359s] Invoked command in '/home/jetson-amiga/ros2_ws/build/navigation' returned '0': CMAKE_PREFIX_PATH=${CMAKE_PREFIX_PATH}:/home/jetson-amiga/ros2_ws/install/amiga_ros2_bridge:/opt/ros/humble /usr/bin/cmake --build /home/jetson-amiga/ros2_ws/build/navigation -- -j6 -l6
[1.379s] Invoking command in '/home/jetson-amiga/ros2_ws/build/navigation': CMAKE_PREFIX_PATH=${CMAKE_PREFIX_PATH}:/home/jetson-amiga/ros2_ws/install/amiga_ros2_bridge:/opt/ros/humble /usr/bin/cmake --install /home/jetson-amiga/ros2_ws/build/navigation
[1.395s] -- Install configuration: ""
[1.396s] -- Up-to-date: /home/jetson-amiga/ros2_ws/install/navigation/share/ament_index/resource_index/package_run_dependencies/navigation
[1.396s] -- Up-to-date: /home/jetson-amiga/ros2_ws/install/navigation/share/ament_index/resource_index/parent_prefix_path/navigation
[1.396s] -- Up-to-date: /home/jetson-amiga/ros2_ws/install/navigation/share/navigation/environment/ament_prefix_path.sh
[1.396s] -- Up-to-date: /home/jetson-amiga/ros2_ws/install/navigation/share/navigation/environment/ament_prefix_path.dsv
[1.396s] -- Up-to-date: /home/jetson-amiga/ros2_ws/install/navigation/share/navigation/environment/path.sh
[1.397s] -- Up-to-date: /home/jetson-amiga/ros2_ws/install/navigation/share/navigation/environment/path.dsv
[1.397s] -- Up-to-date: /home/jetson-amiga/ros2_ws/install/navigation/share/navigation/local_setup.bash
[1.397s] -- Up-to-date: /home/jetson-amiga/ros2_ws/install/navigation/share/navigation/local_setup.sh
[1.397s] -- Up-to-date: /home/jetson-amiga/ros2_ws/install/navigation/share/navigation/local_setup.zsh
[1.398s] -- Up-to-date: /home/jetson-amiga/ros2_ws/install/navigation/share/navigation/local_setup.dsv
[1.398s] -- Installing: /home/jetson-amiga/ros2_ws/install/navigation/share/navigation/package.dsv
[1.398s] -- Up-to-date: /home/jetson-amiga/ros2_ws/install/navigation/share/ament_index/resource_index/packages/navigation
[1.398s] -- Up-to-date: /home/jetson-amiga/ros2_ws/install/navigation/share/navigation/cmake/navigationConfig.cmake
[1.398s] -- Up-to-date: /home/jetson-amiga/ros2_ws/install/navigation/share/navigation/cmake/navigationConfig-version.cmake
[1.398s] -- Up-to-date: /home/jetson-amiga/ros2_ws/install/navigation/share/navigation/package.xml
[1.405s] Invoked command in '/home/jetson-amiga/ros2_ws/build/navigation' returned '0': CMAKE_PREFIX_PATH=${CMAKE_PREFIX_PATH}:/home/jetson-amiga/ros2_ws/install/amiga_ros2_bridge:/opt/ros/humble /usr/bin/cmake --install /home/jetson-amiga/ros2_ws/build/navigation
